###############################################################################
#
# IAR ELF Linker V8.11.3.13950/W32 for ARM                19/Apr/2018  21:41:28
# Copyright 2007-2017 IAR Systems AB.
#
#    Output file  =  
#        C:\Users\31740\Desktop\桌面-飞卡整理集合\4148_Code\4148_poet\Prj\IAR\DZ10_Debug\Exe\vcan_Kinetis.out
#    Map file     =  
#        C:\Users\31740\Desktop\桌面-飞卡整理集合\4148_Code\4148_poet\Prj\IAR\DZ10_Debug\List\vcan_Kinetis.map
#    Command line =  
#        -f C:\Users\31740\AppData\Local\Temp\EW76CF.tmp
#        (C:\Users\31740\Desktop\桌面-飞卡整理集合\4148_Code\4148_poet\Prj\IAR\DZ10_Debug\Obj\control.o
#        C:\Users\31740\Desktop\桌面-飞卡整理集合\4148_Code\4148_poet\Prj\IAR\DZ10_Debug\Obj\diskio.o
#        C:\Users\31740\Desktop\桌面-飞卡整理集合\4148_Code\4148_poet\Prj\IAR\DZ10_Debug\Obj\ff.o
#        C:\Users\31740\Desktop\桌面-飞卡整理集合\4148_Code\4148_poet\Prj\IAR\DZ10_Debug\Obj\handler.o
#        C:\Users\31740\Desktop\桌面-飞卡整理集合\4148_Code\4148_poet\Prj\IAR\DZ10_Debug\Obj\main.o
#        C:\Users\31740\Desktop\桌面-飞卡整理集合\4148_Code\4148_poet\Prj\IAR\DZ10_Debug\Obj\misc.o
#        C:\Users\31740\Desktop\桌面-飞卡整理集合\4148_Code\4148_poet\Prj\IAR\DZ10_Debug\Obj\MK60_adc.o
#        C:\Users\31740\Desktop\桌面-飞卡整理集合\4148_Code\4148_poet\Prj\IAR\DZ10_Debug\Obj\MK60_can.o
#        C:\Users\31740\Desktop\桌面-飞卡整理集合\4148_Code\4148_poet\Prj\IAR\DZ10_Debug\Obj\MK60_conf.o
#        C:\Users\31740\Desktop\桌面-飞卡整理集合\4148_Code\4148_poet\Prj\IAR\DZ10_Debug\Obj\MK60_dac.o
#        C:\Users\31740\Desktop\桌面-飞卡整理集合\4148_Code\4148_poet\Prj\IAR\DZ10_Debug\Obj\MK60_dma.o
#        C:\Users\31740\Desktop\桌面-飞卡整理集合\4148_Code\4148_poet\Prj\IAR\DZ10_Debug\Obj\MK60_DWT.o
#        C:\Users\31740\Desktop\桌面-飞卡整理集合\4148_Code\4148_poet\Prj\IAR\DZ10_Debug\Obj\MK60_flash.o
#        C:\Users\31740\Desktop\桌面-飞卡整理集合\4148_Code\4148_poet\Prj\IAR\DZ10_Debug\Obj\MK60_flexbus.o
#        C:\Users\31740\Desktop\桌面-飞卡整理集合\4148_Code\4148_poet\Prj\IAR\DZ10_Debug\Obj\MK60_ftm.o
#        C:\Users\31740\Desktop\桌面-飞卡整理集合\4148_Code\4148_poet\Prj\IAR\DZ10_Debug\Obj\MK60_gpio.o
#        C:\Users\31740\Desktop\桌面-飞卡整理集合\4148_Code\4148_poet\Prj\IAR\DZ10_Debug\Obj\MK60_i2c.o
#        C:\Users\31740\Desktop\桌面-飞卡整理集合\4148_Code\4148_poet\Prj\IAR\DZ10_Debug\Obj\MK60_it.o
#        C:\Users\31740\Desktop\桌面-飞卡整理集合\4148_Code\4148_poet\Prj\IAR\DZ10_Debug\Obj\MK60_lptmr.o
#        C:\Users\31740\Desktop\桌面-飞卡整理集合\4148_Code\4148_poet\Prj\IAR\DZ10_Debug\Obj\MK60_mcg.o
#        C:\Users\31740\Desktop\桌面-飞卡整理集合\4148_Code\4148_poet\Prj\IAR\DZ10_Debug\Obj\MK60_PIT.o
#        C:\Users\31740\Desktop\桌面-飞卡整理集合\4148_Code\4148_poet\Prj\IAR\DZ10_Debug\Obj\MK60_port.o
#        C:\Users\31740\Desktop\桌面-飞卡整理集合\4148_Code\4148_poet\Prj\IAR\DZ10_Debug\Obj\MK60_rtc.o
#        C:\Users\31740\Desktop\桌面-飞卡整理集合\4148_Code\4148_poet\Prj\IAR\DZ10_Debug\Obj\MK60_sdhc.o
#        C:\Users\31740\Desktop\桌面-飞卡整理集合\4148_Code\4148_poet\Prj\IAR\DZ10_Debug\Obj\MK60_spi.o
#        C:\Users\31740\Desktop\桌面-飞卡整理集合\4148_Code\4148_poet\Prj\IAR\DZ10_Debug\Obj\MK60_SysTick.o
#        C:\Users\31740\Desktop\桌面-飞卡整理集合\4148_Code\4148_poet\Prj\IAR\DZ10_Debug\Obj\MK60_uart.o
#        C:\Users\31740\Desktop\桌面-飞卡整理集合\4148_Code\4148_poet\Prj\IAR\DZ10_Debug\Obj\MK60_usb.o
#        C:\Users\31740\Desktop\桌面-飞卡整理集合\4148_Code\4148_poet\Prj\IAR\DZ10_Debug\Obj\MK60_wdog.o
#        C:\Users\31740\Desktop\桌面-飞卡整理集合\4148_Code\4148_poet\Prj\IAR\DZ10_Debug\Obj\motor.o
#        C:\Users\31740\Desktop\桌面-飞卡整理集合\4148_Code\4148_poet\Prj\IAR\DZ10_Debug\Obj\road.o
#        C:\Users\31740\Desktop\桌面-飞卡整理集合\4148_Code\4148_poet\Prj\IAR\DZ10_Debug\Obj\startup_MK60DZ10.o
#        C:\Users\31740\Desktop\桌面-飞卡整理集合\4148_Code\4148_poet\Prj\IAR\DZ10_Debug\Obj\system_MK60DZ10.o
#        C:\Users\31740\Desktop\桌面-飞卡整理集合\4148_Code\4148_poet\Prj\IAR\DZ10_Debug\Obj\USB.o
#        C:\Users\31740\Desktop\桌面-飞卡整理集合\4148_Code\4148_poet\Prj\IAR\DZ10_Debug\Obj\USB_CDC.o
#        C:\Users\31740\Desktop\桌面-飞卡整理集合\4148_Code\4148_poet\Prj\IAR\DZ10_Debug\Obj\VCAN_ASCII.o
#        C:\Users\31740\Desktop\桌面-飞卡整理集合\4148_Code\4148_poet\Prj\IAR\DZ10_Debug\Obj\VCAN_BMP.o
#        C:\Users\31740\Desktop\桌面-飞卡整理集合\4148_Code\4148_poet\Prj\IAR\DZ10_Debug\Obj\VCAN_camera.o
#        C:\Users\31740\Desktop\桌面-飞卡整理集合\4148_Code\4148_poet\Prj\IAR\DZ10_Debug\Obj\VCAN_computer.o
#        C:\Users\31740\Desktop\桌面-飞卡整理集合\4148_Code\4148_poet\Prj\IAR\DZ10_Debug\Obj\vcan_img2sd.o
#        C:\Users\31740\Desktop\桌面-飞卡整理集合\4148_Code\4148_poet\Prj\IAR\DZ10_Debug\Obj\VCAN_key.o
#        C:\Users\31740\Desktop\桌面-飞卡整理集合\4148_Code\4148_poet\Prj\IAR\DZ10_Debug\Obj\VCAN_key_event.o
#        C:\Users\31740\Desktop\桌面-飞卡整理集合\4148_Code\4148_poet\Prj\IAR\DZ10_Debug\Obj\VCAN_LCD.o
#        C:\Users\31740\Desktop\桌面-飞卡整理集合\4148_Code\4148_poet\Prj\IAR\DZ10_Debug\Obj\VCAN_LCD_CH.o
#        C:\Users\31740\Desktop\桌面-飞卡整理集合\4148_Code\4148_poet\Prj\IAR\DZ10_Debug\Obj\VCAN_LCD_ILI9325.o
#        C:\Users\31740\Desktop\桌面-飞卡整理集合\4148_Code\4148_poet\Prj\IAR\DZ10_Debug\Obj\VCAN_LCD_ILI9341.o
#        C:\Users\31740\Desktop\桌面-飞卡整理集合\4148_Code\4148_poet\Prj\IAR\DZ10_Debug\Obj\VCAN_LCD_ST7735R.o
#        C:\Users\31740\Desktop\桌面-飞卡整理集合\4148_Code\4148_poet\Prj\IAR\DZ10_Debug\Obj\VCAN_LCD_ST7735S.o
#        C:\Users\31740\Desktop\桌面-飞卡整理集合\4148_Code\4148_poet\Prj\IAR\DZ10_Debug\Obj\VCAN_LED.o
#        C:\Users\31740\Desktop\桌面-飞卡整理集合\4148_Code\4148_poet\Prj\IAR\DZ10_Debug\Obj\VCAN_MMA7455.o
#        C:\Users\31740\Desktop\桌面-飞卡整理集合\4148_Code\4148_poet\Prj\IAR\DZ10_Debug\Obj\VCAN_NRF24L0.o
#        C:\Users\31740\Desktop\桌面-飞卡整理集合\4148_Code\4148_poet\Prj\IAR\DZ10_Debug\Obj\VCAN_NRF24L0_MSG.o
#        C:\Users\31740\Desktop\桌面-飞卡整理集合\4148_Code\4148_poet\Prj\IAR\DZ10_Debug\Obj\VCAN_OV7725_Eagle.o
#        C:\Users\31740\Desktop\桌面-飞卡整理集合\4148_Code\4148_poet\Prj\IAR\DZ10_Debug\Obj\VCAN_OV7725_Wolf.o
#        C:\Users\31740\Desktop\桌面-飞卡整理集合\4148_Code\4148_poet\Prj\IAR\DZ10_Debug\Obj\VCAN_RTC_count.o
#        C:\Users\31740\Desktop\桌面-飞卡整理集合\4148_Code\4148_poet\Prj\IAR\DZ10_Debug\Obj\VCAN_SCCB.o
#        C:\Users\31740\Desktop\桌面-飞卡整理集合\4148_Code\4148_poet\Prj\IAR\DZ10_Debug\Obj\vcan_sd_app.o
#        C:\Users\31740\Desktop\桌面-飞卡整理集合\4148_Code\4148_poet\Prj\IAR\DZ10_Debug\Obj\Vcan_touch.o
#        C:\Users\31740\Desktop\桌面-飞卡整理集合\4148_Code\4148_poet\Prj\IAR\DZ10_Debug\Obj\VCAN_TSL1401.o
#        C:\Users\31740\Desktop\桌面-飞卡整理集合\4148_Code\4148_poet\Prj\IAR\DZ10_Debug\Obj\VCAN_UI_VAR.o
#        C:\Users\31740\Desktop\桌面-飞卡整理集合\4148_Code\4148_poet\Prj\IAR\DZ10_Debug\Obj\vectors.o
#        --redirect _Printf=_PrintfLargeNoMb --redirect _Scanf=_ScanfLargeNoMb
#        -o
#        C:\Users\31740\Desktop\桌面-飞卡整理集合\4148_Code\4148_poet\Prj\IAR\DZ10_Debug\Exe\vcan_Kinetis.out
#        --map
#        C:\Users\31740\Desktop\桌面-飞卡整理集合\4148_Code\4148_poet\Prj\IAR\DZ10_Debug\List\vcan_Kinetis.map
#        --config
#        "C:\Users\31740\Desktop\桌面-飞卡整理集合\4148_Code\4148_poet\Prj\IAR\config
#        files\vcan_ROM_K60N512.icf"
#        C:\Users\31740\Desktop\桌面-飞卡整理集合\4148_Code\4148_poet\Prj\IAR\..\..\Lib\CMSIS\iar_cortexM4l_math.a
#        --entry __iar_program_start --vfe --text_out locale)
#
###############################################################################

*******************************************************************************
*** RUNTIME MODEL ATTRIBUTES
***

CppFlavor       = *
__SystemLibrary = DLib
__dlib_version  = 6


*******************************************************************************
*** HEAP SELECTION
***

The basic heap was selected because no calls to memory allocation
functions were found in the application outside of system library
functions, and there are calls to deallocation functions in the
application.


*******************************************************************************
*** PLACEMENT SUMMARY
***

"A0":  place at 0x00000000 { ro section .intvec };
"A1":  place at 0x00000410 { ro section .noinit };
define block CodeRelocate { section .textrw_init };
"P1":  place in [from 0x00000000 to 0x00080000] { ro, block CodeRelocate };
define block CodeRelocateRam { section .textrw };
define block CSTACK with size = 4K, alignment = 8 { };
define block HEAP with size = 2K, alignment = 8 { };
"P2":  place in [from 0x1fff0410 to 0x20010000] {
          rw, block CodeRelocateRam, block CSTACK, block HEAP };
initialize manually with packing = copy, complex ranges { section .data };
initialize manually with packing = copy, complex ranges { section .textrw };

  Section              Kind        Address    Size  Object
  -------              ----        -------    ----  ------
"A0":                                        0x410
  .intvec              const    0x00000000   0x410  vectors.o [1]
                              - 0x00000410   0x410

"A1":                                          0x8
  .noinit              ro code  0x00000410     0x8  startup_MK60DZ10.o [1]
                              - 0x00000418     0x8

"P1":                                       0x448c
  .text                ro code  0x00000418   0xc56  xprintflarge_nomb.o [3]
  .rodata              const    0x0000106e     0x2  VCAN_camera.o [1]
  .text                ro code  0x00001070    0x16  strchr.o [5]
  .text                ro code  0x00001088    0x44  xfail_s.o [3]
  .text                ro code  0x000010cc    0x36  strlen.o [5]
  .text                ro code  0x00001104    0x58  memchr.o [5]
  .text                ro code  0x0000115c    0xee  I64DivMod.o [5]
  .text                ro code  0x0000124c   0x1a2  DblMul.o [4]
  .text                ro code  0x000013f0    0xa6  ABImemcpy.o [5]
  .text                ro code  0x00001498    0x70  frexp.o [4]
  .text                ro code  0x00001508    0x2e  DblCmpLe.o [4]
  .text                ro code  0x00001538   0x246  DblDiv.o [4]
  .text                ro code  0x00001780    0x28  DblToU32.o [4]
  .text                ro code  0x000017a8    0x1a  U32ToDbl.o [4]
  .text                ro code  0x000017c4    0xe2  DblSub.o [4]
  .text                ro code  0x000018a8     0x8  xlocale_c.o [3]
  .text                ro code  0x000018b0     0x6  abort.o [3]
  .text                ro code  0x000018b8     0x2  I64DivZer.o [5]
  .text                ro code  0x000018bc   0x178  DblAdd.o [4]
  .text                ro code  0x00001a34     0xc  XXexit.o [5]
  .data_init                    0x00001a40   0x8a0  <Block>
    Initializer bytes  const    0x00001a40   0x8a0  <for .data-1>
  .text                ro code  0x000022e0   0x520  MK60_ftm.o [1]
  .text                ro code  0x00002800    0xbc  MK60_port.o [1]
  Veneer               ro code  0x000028bc     0x8  - Linker created -
  Veneer               ro code  0x000028c4     0x8  - Linker created -
  .text                ro code  0x000028cc   0x144  MK60_conf.o [1]
  .text                ro code  0x00002a10    0x70  VCAN_LED.o [1]
  .text                ro code  0x00002a80    0x28  printf.o [3]
  .text                ro code  0x00002aa8    0x64  MK60_SysTick.o [1]
  .text                ro code  0x00002b0c   0x23c  MK60_uart.o [1]
  .text                ro code  0x00002d48    0x9c  VCAN_key.o [1]
  .text                ro code  0x00002de4   0x144  MK60_gpio.o [1]
  Veneer               ro code  0x00002f28     0x8  - Linker created -
  .text                ro code  0x00002f30   0x3e4  MK60_mcg.o [1]
  .text                ro code  0x00003314   0x362  VCAN_SCCB.o [1]
  .text                ro code  0x00003678   0x2a0  road.o [1]
  .text                ro code  0x00003918   0x240  MK60_dma.o [1]
  .text                ro code  0x00003b58   0x234  VCAN_OV7725_Eagle.o [1]
  CodeRelocate                  0x00003d8c   0x1c4  <Block>
    Initializer bytes  const    0x00003d8c   0x1c4  <for CodeRelocateRam-1>
  .text                ro code  0x00003f50   0x120  system_MK60DZ10.o [1]
  .text                ro code  0x00004070    0x40  MK60_wdog.o [1]
  .text                ro code  0x000040b0    0x5c  main.o [1]
  .text                ro code  0x0000410c    0x50  misc.o [1]
  .text                ro code  0x0000415c   0x100  control.o [1]
  .text                ro code  0x0000425c    0x98  VCAN_camera.o [1]
  .text                ro code  0x000042f4    0x22  S32ToDbl.o [4]
  .text                ro code  0x00004318    0x3a  DblToS32.o [4]
  .rodata              const    0x00004354    0x70  MK60_flash.o [1]
  .rodata              const    0x000043c4    0x70  MK60_gpio.o [1]
  .rodata              const    0x00004434    0x70  MK60_SysTick.o [1]
  .rodata              const    0x000044a4    0x70  MK60_uart.o [1]
  .rodata              const    0x00004514    0x6c  MK60_dma.o [1]
  .rodata              const    0x00004580    0x6c  MK60_ftm.o [1]
  .rodata              const    0x000045ec    0x68  misc.o [1]
  .text                ro code  0x00004654    0x40  zero_init3.o [5]
  .rodata              const    0x00004694    0x3c  MK60_conf.o [1]
  .text                ro code  0x000046d0    0x34  handler.o [1]
  .text                ro code  0x00004704    0x28  data_init.o [5]
  .rodata              const    0x0000472c    0x24  MK60_conf.o [1]
  .rodata              const    0x00004750    0x24  VCAN_OV7725_Eagle.o [1]
  .rodata              const    0x00004774    0x24  VCAN_OV7725_Eagle.o [1]
  .iar.init_table      const    0x00004798    0x10  - Linker created -
  .rodata              const    0x000047a8    0x20  MK60_conf.o [1]
  .rodata              const    0x000047c8    0x20  VCAN_OV7725_Eagle.o [1]
  .text                ro code  0x000047e8    0x1a  cmain.o [5]
  .text                ro code  0x00004802     0x4  low_level_init.o [3]
  .text                ro code  0x00004806     0x4  exit.o [3]
  .text                ro code  0x0000480c     0xa  cexit.o [5]
  .rodata              const    0x00004818    0x18  VCAN_OV7725_Eagle.o [1]
  .rodata              const    0x00004830    0x18  VCAN_OV7725_Eagle.o [1]
  .text                ro code  0x00004848    0x16  xprout.o [3]
  .text                ro code  0x00004860     0xc  putchar.o [3]
  .rodata              const    0x0000486c    0x14  MK60_conf.o [1]
  .rodata              const    0x00004880    0x14  VCAN_OV7725_Eagle.o [1]
  .text                ro code  0x00004894     0xc  cstartup_M.o [5]
  .rodata              const    0x000048a0     0x4  xlocale_c.o [3]
  .rodata              const    0x000048a4     0x0  zero_init3.o [5]
                              - 0x000048a4  0x448c

"P2", part 1 of 2:                           0xa64
  .data                         0x1fff0410   0x8a0  <Block>
    .data-1                     0x1fff0410   0x89e  <Init block>
      .data            inited   0x1fff0410     0x8  control.o [1]
      .data            inited   0x1fff0418     0x8  control.o [1]
      .data            inited   0x1fff0420   0x708  MK60_conf.o [1]
      .data            inited   0x1fff0b28     0xc  MK60_ftm.o [1]
      .data            inited   0x1fff0b34    0x14  MK60_gpio.o [1]
      .data            inited   0x1fff0b48    0x44  MK60_mcg.o [1]
      .data            inited   0x1fff0b8c     0x4  MK60_mcg.o [1]
      .data            inited   0x1fff0b90    0x14  MK60_port.o [1]
      .data            inited   0x1fff0ba4    0x18  MK60_uart.o [1]
      .data            inited   0x1fff0bbc     0x8  VCAN_key.o [1]
      .data            inited   0x1fff0bc4     0x4  VCAN_LED.o [1]
      .data            inited   0x1fff0bc8    0x64  VCAN_OV7725_Eagle.o [1]
      .data            inited   0x1fff0c2c    0x38  xlocale_c.o [3]
      .data            inited   0x1fff0c64    0x48  xfiles.o [3]
      .data            inited   0x1fff0cac     0x1  VCAN_OV7725_Eagle.o [1]
      .data            inited   0x1fff0cad     0x1  VCAN_OV7725_Eagle.o [1]
  CodeRelocateRam               0x1fff0cb0   0x1c4  <Block>
    CodeRelocateRam-1           0x1fff0cb0   0x1c4  <Init block>
      Veneer           inited   0x1fff0cb0     0x8  - Linker created -
      Veneer           inited   0x1fff0cb8     0x8  - Linker created -
      .textrw          inited   0x1fff0cc0   0x168  MK60_flash.o [1]
      .textrw          inited   0x1fff0e28    0x4c  MK60_mcg.o [1]
                              - 0x1fff0e74   0xa64

"P2", part 2 of 2:                          0x16b8
  .bss                          0x1fff0e74  0x16b8  <Block>
    .bss               zero     0x1fff0e74     0x4  control.o [1]
    .bss               zero     0x1fff0e78   0x258  main.o [1]
    .bss               zero     0x1fff10d0  0x12c0  main.o [1]
    .bss               zero     0x1fff2390     0xc  MK60_ftm.o [1]
    .bss               zero     0x1fff239c    0x3c  road.o [1]
    .bss               zero     0x1fff23d8    0x3c  road.o [1]
    .bss               zero     0x1fff2414    0x3c  road.o [1]
    .bss               zero     0x1fff2450    0x3c  road.o [1]
    .bss               zero     0x1fff248c    0x3c  road.o [1]
    .bss               zero     0x1fff24c8     0x4  system_MK60DZ10.o [1]
    .bss               zero     0x1fff24cc     0x4  system_MK60DZ10.o [1]
    .bss               zero     0x1fff24d0     0x4  system_MK60DZ10.o [1]
    .bss               zero     0x1fff24d4     0x4  VCAN_OV7725_Eagle.o [1]
    .bss               zero     0x1fff24d8     0x4  xfail_s.o [3]
    .bss               zero     0x1fff24dc    0x50  xfiles.o [3]
                              - 0x1fff252c  0x16b8


*******************************************************************************
*** INIT TABLE
***

          Address     Size
          -------     ----
Zero (__iar_zero_init3)
    1 destination range, total size 0x16b8:
          0x1fff0e74  0x16b8



*******************************************************************************
*** MODULE SUMMARY
***

    Module               ro code  rw code  ro data  rw data
    ------               -------  -------  -------  -------
C:\Users\31740\Desktop\桌面-飞卡整理集合\4148_Code\4148_poet\Prj\IAR\DZ10_Debug\Obj: [1]
    MK60_SysTick.o           100               112
    MK60_conf.o              324             1 948    1 800
    MK60_dma.o               576               108
    MK60_flash.o                      360      472
    MK60_ftm.o             1 312               120       24
    MK60_gpio.o              324               132       20
    MK60_mcg.o               996       76      148       72
    MK60_port.o              188                20       20
    MK60_uart.o              572               136       24
    MK60_wdog.o               64
    VCAN_LED.o               112                 4        4
    VCAN_OV7725_Eagle.o      564               274      106
    VCAN_SCCB.o              866
    VCAN_camera.o            152                 2
    VCAN_key.o               156                 8        8
    control.o                256                16       20
    handler.o                 52
    main.o                    92                      5 400
    misc.o                    80               104
    road.o                   672                        300
    startup_MK60DZ10.o         8
    system_MK60DZ10.o        288                         12
    vectors.o                                1 040
    -------------------------------------------------------
    Total:                 7 754      436    4 644    7 810

command line: [2]
    -------------------------------------------------------
    Total:

dl7M_tlf.a: [3]
    abort.o                    6
    exit.o                     4
    low_level_init.o           4
    printf.o                  40
    putchar.o                 12
    xfail_s.o                 68                          4
    xfiles.o                                    72      152
    xlocale_c.o                8                60       56
    xprintflarge_nomb.o    3 158
    xprout.o                  22
    -------------------------------------------------------
    Total:                 3 322               132      212

m7M_tl.a: [4]
    DblAdd.o                 376
    DblCmpLe.o                46
    DblDiv.o                 582
    DblMul.o                 418
    DblSub.o                 226
    DblToS32.o                58
    DblToU32.o                40
    S32ToDbl.o                34
    U32ToDbl.o                26
    frexp.o                  112
    -------------------------------------------------------
    Total:                 1 918

rt7M_tl.a: [5]
    ABImemcpy.o              166
    I64DivMod.o              238
    I64DivZer.o                2
    XXexit.o                  12
    cexit.o                   10
    cmain.o                   26
    cstartup_M.o              12
    data_init.o               40
    memchr.o                  88
    strchr.o                  22
    strlen.o                  54
    zero_init3.o              64
    -------------------------------------------------------
    Total:                   734

    Gaps                      30                 4
    Linker created            24       16       34
-----------------------------------------------------------
    Grand Total:          13 782      452    4 814    8 022


*******************************************************************************
*** ENTRY LIST
***

Entry                      Address    Size  Type      Object
-----                      -------    ----  ----      ------
.bss$$Base              0x1fff0e74           --   Gb  - Linker created -
.bss$$Limit             0x1fff252c           --   Gb  - Linker created -
.data$$Base             0x1fff0410           --   Gb  - Linker created -
.data$$Limit            0x1fff0cb0           --   Gb  - Linker created -
.data_init$$Base        0x00001a40           --   Gb  - Linker created -
.data_init$$Limit       0x000022e0           --   Gb  - Linker created -
.iar.init_table$$Base   0x00004798           --   Gb  - Linker created -
.iar.init_table$$Limit  0x000047a8           --   Gb  - Linker created -
?main                   0x000047e9          Code  Gb  cmain.o [5]
ASSERT_FAILED_STR       0x0000472c    0x24  Data  Gb  MK60_conf.o [1]
BlackLeft               0x1fff239c    0x3c  Data  Gb  road.o [1]
BlackRight              0x1fff23d8    0x3c  Data  Gb  road.o [1]
CodeRelocate$$Base      0x00003d8c           --   Gb  - Linker created -
CodeRelocate$$Limit     0x00003f50           --   Gb  - Linker created -
CodeRelocateRam$$Base   0x1fff0cb0           --   Gb  - Linker created -
CodeRelocateRam$$Limit  0x1fff0e74           --   Gb  - Linker created -
DMA0_IRQHandler         0x000046f7     0x8  Code  Gb  handler.o [1]
FTMN                    0x1fff0b28     0xc  Data  Gb  MK60_ftm.o [1]
FTM_port_mux            0x000022e1   0x118  Code  Lc  MK60_ftm.o [1]
GPIOX                   0x1fff0b34    0x14  Data  Gb  MK60_gpio.o [1]
GetCenter               0x0000369f   0x262  Code  Gb  road.o [1]
GetError                0x000041d5    0x52  Code  Gb  control.o [1]
GoStraigt               0x0000415d    0x10  Code  Gb  control.o [1]
KEY_PTxn                0x1fff0bbc     0x8  Data  Gb  VCAN_key.o [1]
LED_PTxn                0x1fff0bc4     0x4  Data  Gb  VCAN_LED.o [1]
LGetFlag                0x1fff2450    0x3c  Data  Gb  road.o [1]
LoadInt                 0x000005af    0x7a  Code  Lc  xprintflarge_nomb.o [3]
Middle                  0x1fff2414    0x3c  Data  Gb  road.o [1]
MotorInit               0x0000424b    0x12  Code  Gb  control.o [1]
NVIC_DisableIRQ         0x00003b6f    0x16  Code  Lc  VCAN_OV7725_Eagle.o [1]
NVIC_EnableIRQ          0x00003b59    0x16  Code  Lc  VCAN_OV7725_Eagle.o [1]
NVIC_SystemReset        0x000028cd    0x1a  Code  Lc  MK60_conf.o [1]
PORTA_IRQHandler        0x000046d1    0x26  Code  Gb  handler.o [1]
PORTX                   0x1fff0b90    0x14  Data  Gb  MK60_port.o [1]
RGetFlag                0x1fff248c    0x3c  Data  Gb  road.o [1]
Region$$Table$$Base     0x00004798           --   Gb  - Linker created -
Region$$Table$$Limit    0x000047a8           --   Gb  - Linker created -
Reset_Handler           0x00000411          Code  Gb  startup_MK60DZ10.o [1]
RoadInit                0x00003679    0x26  Code  Gb  road.o [1]
SCCB_Ack                0x000033e9    0x3c  Code  Lc  VCAN_SCCB.o [1]
SCCB_GPIO_init          0x0000332f    0x28  Code  Gb  VCAN_SCCB.o [1]
SCCB_NoAck              0x00003425    0x3c  Code  Lc  VCAN_SCCB.o [1]
SCCB_ReadByte           0x000035c5    0x2c  Code  Gb  VCAN_SCCB.o [1]
SCCB_ReadByte_one       0x000035f1    0x86  Code  Lc  VCAN_SCCB.o [1]
SCCB_ReceiveByte        0x000034f1    0x54  Code  Lc  VCAN_SCCB.o [1]
SCCB_SendByte           0x000034ad    0x44  Code  Lc  VCAN_SCCB.o [1]
SCCB_Start              0x00003357    0x5e  Code  Lc  VCAN_SCCB.o [1]
SCCB_Stop               0x000033b5    0x34  Code  Lc  VCAN_SCCB.o [1]
SCCB_WaitAck            0x00003461    0x4c  Code  Lc  VCAN_SCCB.o [1]
SCCB_WriteByte          0x00003555    0x28  Code  Gb  VCAN_SCCB.o [1]
SCCB_WriteByte_one      0x0000357d    0x48  Code  Lc  VCAN_SCCB.o [1]
SCCB_delay              0x00003315    0x1a  Code  Lc  VCAN_SCCB.o [1]
SteerInit               0x00004239    0x12  Code  Gb  control.o [1]
SteerKd                 0x1fff0418     0x8  Data  Gb  control.o [1]
SteerKp                 0x1fff0410     0x8  Data  Gb  control.o [1]
Turn                    0x0000416d    0x68  Code  Gb  control.o [1]
Turn::LastAngle         0x1fff0e74     0x4  Data  Lc  control.o [1]
UARTN                   0x1fff0ba4    0x18  Data  Gb  MK60_uart.o [1]
_GenldLargeNoMb         0x00000d75   0x266  Code  Lc  xprintflarge_nomb.o [3]
_LdtobLargeNoMb         0x00000aef   0x260  Code  Lc  xprintflarge_nomb.o [3]
_LitobLargeNoMb         0x00000993   0x116  Code  Lc  xprintflarge_nomb.o [3]
_Locale_lconv           0x1fff0c2c    0x38  Data  Lc  xlocale_c.o [3]
_PrintfLargeNoMb        0x00000419   0x190  Code  Gb  xprintflarge_nomb.o [3]
_Prout                  0x00004849    0x16  Code  Gb  xprout.o [3]
_PutcharsLargeNoMb      0x00000fdb    0x2e  Code  Lc  xprintflarge_nomb.o [3]
_PutfldLargeNoMb        0x00000629   0x25c  Code  Lc  xprintflarge_nomb.o [3]
_PuttxtLargeNoMb        0x00000885   0x10e  Code  Lc  xprintflarge_nomb.o [3]
__BOOT_STACK_ADDRESS {Abs}
                        0x2000fff8          Data  Gb  command line/config [2]
__VECTOR_RAM {Abs}      0x1fff0000          Data  Gb  command line/config [2]
__VECTOR_TABLE {Abs}    0x00000000          Data  Gb  command line/config [2]
__aeabi_cdcmple         0x00001509          Code  Gb  DblCmpLe.o [4]
__aeabi_d2iz            0x00004319          Code  Gb  DblToS32.o [4]
__aeabi_d2uiz           0x00001781          Code  Gb  DblToU32.o [4]
__aeabi_dadd            0x000018bd          Code  Gb  DblAdd.o [4]
__aeabi_ddiv            0x00001539          Code  Gb  DblDiv.o [4]
__aeabi_dmul            0x0000124d          Code  Gb  DblMul.o [4]
__aeabi_dsub            0x000017c5          Code  Gb  DblSub.o [4]
__aeabi_i2d             0x000042f5          Code  Gb  S32ToDbl.o [4]
__aeabi_ldiv0           0x000018b9          Code  Gb  I64DivZer.o [5]
__aeabi_memcpy          0x000013f1          Code  Gb  ABImemcpy.o [5]
__aeabi_memcpy4         0x00001411          Code  Gb  ABImemcpy.o [5]
__aeabi_memcpy8         0x00001411          Code  Gb  ABImemcpy.o [5]
__aeabi_ui2d            0x000017a9          Code  Gb  U32ToDbl.o [4]
__aeabi_uldivmod        0x0000115d          Code  Gb  I64DivMod.o [5]
__cmain                 0x000047e9          Code  Gb  cmain.o [5]
__code_start__ {Abs}    0x00000410          Data  Gb  command line/config [2]
__exit                  0x00001a35          Code  Gb  XXexit.o [5]
__iar_Fail_s            0x00001089    0x1e  Code  Gb  xfail_s.o [3]
__iar_Memchr            0x00001105          Code  Gb  memchr.o [5]
__iar_Stdout            0x1fff0c64    0x48  Data  Gb  xfiles.o [3]
__iar_Strchr            0x00001071          Code  Gb  strchr.o [5]
__iar_dadd              0x000017d5          Code  Gb  DblSub.o [4]
__iar_data_init3        0x00004705    0x28  Code  Gb  data_init.o [5]
__iar_dsub              0x000018cd          Code  Gb  DblAdd.o [4]
__iar_dsubStart         0x000018df          Code  Gb  DblAdd.o [4]
__iar_frexp             0x000014a5          Code  Gb  frexp.o [4]
__iar_frexp64           0x00001499          Code  Gb  frexp.o [4]
__iar_frexpl            0x000014a5          Code  Gb  frexp.o [4]
__iar_program_start     0x00004895          Code  Gb  cstartup_M.o [5]
__iar_systems$$module {Abs}
                        0x00000001          Data  Gb  command line/config [2]
__iar_zero_init3        0x00004655    0x40  Code  Gb  zero_init3.o [5]
__low_level_init        0x00004803     0x4  Code  Gb  low_level_init.o [3]
__vector_table          0x00000000   0x410  Data  Gb  vectors.o [1]
_call_main              0x000047f5          Code  Gb  cmain.o [5]
_exit                   0x0000480d          Code  Gb  cexit.o [5]
_main                   0x000047ff          Code  Gb  cmain.o [5]
abort                   0x000018b1     0x6  Code  Gb  abort.o [3]
assert_failed           0x000028e7    0x26  Code  Gb  MK60_conf.o [1]
bus_clk_khz             0x1fff24d0     0x4  Data  Gb  system_MK60DZ10.o [1]
common_startup          0x00003faf    0x8a  Code  Gb  system_MK60DZ10.o [1]
core_clk_khz            0x1fff24c8     0x4  Data  Gb  system_MK60DZ10.o [1]
core_clk_mhz            0x1fff24cc     0x4  Data  Gb  system_MK60DZ10.o [1]
default_isr             0x000029bb    0x34  Code  Gb  MK60_conf.o [1]
dma_gpio_input_init     0x00003919    0x5c  Code  Lc  MK60_dma.o [1]
dma_portx2buff_init     0x00003975   0x1b0  Code  Gb  MK60_dma.o [1]
exit                    0x00004807     0x4  Code  Gb  exit.o [3]
flash_cmd               0x1fff0cc1    0x20  Code  Gb  MK60_flash.o [1]
flash_erase_sector      0x1fff0d11    0x58  Code  Gb  MK60_flash.o [1]
flash_init              0x1fff0ce1    0x30  Code  Gb  MK60_flash.o [1]
flash_write             0x1fff0d69    0x90  Code  Gb  MK60_flash.o [1]
fputc                   0x0000290d    0x14  Code  Gb  MK60_conf.o [1]
frexp                   0x00001499          Code  Gb  frexp.o [4]
frexpl                  0x00001499          Code  Gb  frexp.o [4]
ftm_input_init          0x0000265b   0x18c  Code  Gb  MK60_ftm.o [1]
ftm_mod                 0x1fff2390     0xc  Data  Lc  MK60_ftm.o [1]
ftm_pwm_duty            0x00002575    0xe6  Code  Gb  MK60_ftm.o [1]
ftm_pwm_init            0x000023f9   0x17c  Code  Gb  MK60_ftm.o [1]
gpio_get                0x00002edf    0x3e  Code  Gb  MK60_gpio.o [1]
gpio_init               0x00002de5    0xbe  Code  Gb  MK60_gpio.o [1]
gpio_turn               0x00002ea3    0x3c  Code  Gb  MK60_gpio.o [1]
img                     0x1fff10d0  0x12c0  Data  Gb  main.o [1]
img_extract             0x0000425d    0x98  Code  Gb  VCAN_camera.o [1]
imgbuff                 0x1fff0e78   0x258  Data  Gb  main.o [1]
key_check               0x00002db5    0x2a  Code  Gb  VCAN_key.o [1]
key_get                 0x00002d9b    0x1a  Code  Gb  VCAN_key.o [1]
key_init                0x00002d49    0x52  Code  Gb  VCAN_key.o [1]
led_init                0x00002a11    0x3a  Code  Gb  VCAN_LED.o [1]
led_turn                0x00002a4b    0x32  Code  Gb  VCAN_LED.o [1]
localeconv              0x000018a9     0x4  Code  Gb  xlocale_c.o [3]
main                    0x000040b1    0x4a  Code  Gb  main.o [1]
mcg_cfg                 0x1fff0b48    0x44  Data  Gb  MK60_mcg.o [1]
mcg_div                 0x1fff0b8c     0x4  Data  Gb  MK60_mcg.o [1]
mcg_div_count           0x00002f31   0x316  Code  Gb  MK60_mcg.o [1]
memchr                  0x00001105          Code  Gb  memchr.o [5]
obuf                    0x1fff24dc    0x50  Data  Lc  xfiles.o [3]
ov7725_eagle_cfgnum     0x1fff0cad     0x1  Data  Gb  VCAN_OV7725_Eagle.o [1]
ov7725_eagle_dma        0x00003c3d    0x14  Code  Gb  VCAN_OV7725_Eagle.o [1]
ov7725_eagle_get_img    0x00003c51    0x42  Code  Gb  VCAN_OV7725_Eagle.o [1]
ov7725_eagle_img_buff   0x1fff24d4     0x4  Data  Gb  VCAN_OV7725_Eagle.o [1]
ov7725_eagle_img_flag   0x1fff0cac     0x1  Data  Gb  VCAN_OV7725_Eagle.o [1]
ov7725_eagle_init       0x00003b85    0x18  Code  Gb  VCAN_OV7725_Eagle.o [1]
ov7725_eagle_port_init  0x00003b9d    0x54  Code  Lc  VCAN_OV7725_Eagle.o [1]
ov7725_eagle_reg        0x1fff0bc8    0x64  Data  Gb  VCAN_OV7725_Eagle.o [1]
ov7725_eagle_reg_init   0x00003c93    0xae  Code  Lc  VCAN_OV7725_Eagle.o [1]
ov7725_eagle_vsync      0x00003bf1    0x4c  Code  Gb  VCAN_OV7725_Eagle.o [1]
pll_init                0x00003247    0xb2  Code  Gb  MK60_mcg.o [1]
port_init               0x00002801    0x4a  Code  Gb  MK60_port.o [1]
port_init_NoALT         0x0000284b    0x6a  Code  Gb  MK60_port.o [1]
printf                  0x00002a81    0x28  Code  Gb  printf.o [3]
putchar                 0x00004861     0xc  Code  Gb  putchar.o [3]
scale                   0x00000aa9    0x46  Code  Lc  xprintflarge_nomb.o [3]
sec_hand                0x1fff24d8     0x4  Data  Lc  xfail_s.o [3]
set_sys_dividers        0x1fff0e29    0x4c  Code  Gb  MK60_mcg.o [1]
set_vector_handler      0x0000412f    0x22  Code  Gb  misc.o [1]
start                   0x00003f51    0x22  Code  Gb  system_MK60DZ10.o [1]
start_check             0x00002921    0x9a  Code  Gb  MK60_conf.o [1]
strchr                  0x00001071          Code  Gb  strchr.o [5]
strlen                  0x000010cd          Code  Gb  strlen.o [5]
sysinit                 0x00003f73    0x3c  Code  Gb  system_MK60DZ10.o [1]
systick_delay           0x00002aa9    0x36  Code  Gb  MK60_SysTick.o [1]
systick_delay_ms        0x00002adf    0x18  Code  Gb  MK60_SysTick.o [1]
uart_init               0x00002b0d   0x208  Code  Gb  MK60_uart.o [1]
uart_putchar            0x00002d15    0x1a  Code  Gb  MK60_uart.o [1]
vector_str              0x1fff0420   0x708  Data  Gb  MK60_conf.o [1]
wdog_disable            0x00004071    0x16  Code  Gb  MK60_wdog.o [1]
wdog_unlock             0x00004087    0x20  Code  Lc  MK60_wdog.o [1]
write_vtor              0x0000410d    0x22  Code  Gb  misc.o [1]


[1] = C:\Users\31740\Desktop\桌面-飞卡整理集合\4148_Code\4148_poet\Prj\IAR\DZ10_Debug\Obj
[2] = command line
[3] = dl7M_tlf.a
[4] = m7M_tl.a
[5] = rt7M_tl.a

  13 782 bytes of readonly  code memory
     452 bytes of readwrite code memory
   4 814 bytes of readonly  data memory
   8 022 bytes of readwrite data memory

Errors: none
Warnings: none
