###############################################################################
#
# IAR ELF Linker V8.11.3.13950/W32 for ARM                20/Apr/2018  00:10:28
# Copyright 2007-2017 IAR Systems AB.
#
#    Output file  =  
#        D:\电子\飞思卡尔\FreeScale_4148\4148
#        TeamTemplate(可走直道+弯道+完美提取中线+舵机PD+宏定义(代码优化)+增大前瞻)\Prj\IAR\DZ10_Debug\Exe\vcan_Kinetis.out
#    Map file     =  
#        D:\电子\飞思卡尔\FreeScale_4148\4148
#        TeamTemplate(可走直道+弯道+完美提取中线+舵机PD+宏定义(代码优化)+增大前瞻)\Prj\IAR\DZ10_Debug\List\vcan_Kinetis.map
#    Command line =  
#        -f C:\Users\ADORE_~1\AppData\Local\Temp\EW7D22.tmp
#        ("D:\电子\飞思卡尔\FreeScale_4148\4148
#        TeamTemplate(可走直道+弯道+完美提取中线+舵机PD+宏定义(代码优化)+增大前瞻)\Prj\IAR\DZ10_Debug\Obj\control.o"
#        "D:\电子\飞思卡尔\FreeScale_4148\4148
#        TeamTemplate(可走直道+弯道+完美提取中线+舵机PD+宏定义(代码优化)+增大前瞻)\Prj\IAR\DZ10_Debug\Obj\diskio.o"
#        "D:\电子\飞思卡尔\FreeScale_4148\4148
#        TeamTemplate(可走直道+弯道+完美提取中线+舵机PD+宏定义(代码优化)+增大前瞻)\Prj\IAR\DZ10_Debug\Obj\EIT_PID.o"
#        "D:\电子\飞思卡尔\FreeScale_4148\4148
#        TeamTemplate(可走直道+弯道+完美提取中线+舵机PD+宏定义(代码优化)+增大前瞻)\Prj\IAR\DZ10_Debug\Obj\ff.o"
#        "D:\电子\飞思卡尔\FreeScale_4148\4148
#        TeamTemplate(可走直道+弯道+完美提取中线+舵机PD+宏定义(代码优化)+增大前瞻)\Prj\IAR\DZ10_Debug\Obj\handler.o"
#        "D:\电子\飞思卡尔\FreeScale_4148\4148
#        TeamTemplate(可走直道+弯道+完美提取中线+舵机PD+宏定义(代码优化)+增大前瞻)\Prj\IAR\DZ10_Debug\Obj\main.o"
#        "D:\电子\飞思卡尔\FreeScale_4148\4148
#        TeamTemplate(可走直道+弯道+完美提取中线+舵机PD+宏定义(代码优化)+增大前瞻)\Prj\IAR\DZ10_Debug\Obj\misc.o"
#        "D:\电子\飞思卡尔\FreeScale_4148\4148
#        TeamTemplate(可走直道+弯道+完美提取中线+舵机PD+宏定义(代码优化)+增大前瞻)\Prj\IAR\DZ10_Debug\Obj\MK60_adc.o"
#        "D:\电子\飞思卡尔\FreeScale_4148\4148
#        TeamTemplate(可走直道+弯道+完美提取中线+舵机PD+宏定义(代码优化)+增大前瞻)\Prj\IAR\DZ10_Debug\Obj\MK60_can.o"
#        "D:\电子\飞思卡尔\FreeScale_4148\4148
#        TeamTemplate(可走直道+弯道+完美提取中线+舵机PD+宏定义(代码优化)+增大前瞻)\Prj\IAR\DZ10_Debug\Obj\MK60_conf.o"
#        "D:\电子\飞思卡尔\FreeScale_4148\4148
#        TeamTemplate(可走直道+弯道+完美提取中线+舵机PD+宏定义(代码优化)+增大前瞻)\Prj\IAR\DZ10_Debug\Obj\MK60_dac.o"
#        "D:\电子\飞思卡尔\FreeScale_4148\4148
#        TeamTemplate(可走直道+弯道+完美提取中线+舵机PD+宏定义(代码优化)+增大前瞻)\Prj\IAR\DZ10_Debug\Obj\MK60_dma.o"
#        "D:\电子\飞思卡尔\FreeScale_4148\4148
#        TeamTemplate(可走直道+弯道+完美提取中线+舵机PD+宏定义(代码优化)+增大前瞻)\Prj\IAR\DZ10_Debug\Obj\MK60_DWT.o"
#        "D:\电子\飞思卡尔\FreeScale_4148\4148
#        TeamTemplate(可走直道+弯道+完美提取中线+舵机PD+宏定义(代码优化)+增大前瞻)\Prj\IAR\DZ10_Debug\Obj\MK60_flash.o"
#        "D:\电子\飞思卡尔\FreeScale_4148\4148
#        TeamTemplate(可走直道+弯道+完美提取中线+舵机PD+宏定义(代码优化)+增大前瞻)\Prj\IAR\DZ10_Debug\Obj\MK60_flexbus.o"
#        "D:\电子\飞思卡尔\FreeScale_4148\4148
#        TeamTemplate(可走直道+弯道+完美提取中线+舵机PD+宏定义(代码优化)+增大前瞻)\Prj\IAR\DZ10_Debug\Obj\MK60_ftm.o"
#        "D:\电子\飞思卡尔\FreeScale_4148\4148
#        TeamTemplate(可走直道+弯道+完美提取中线+舵机PD+宏定义(代码优化)+增大前瞻)\Prj\IAR\DZ10_Debug\Obj\MK60_gpio.o"
#        "D:\电子\飞思卡尔\FreeScale_4148\4148
#        TeamTemplate(可走直道+弯道+完美提取中线+舵机PD+宏定义(代码优化)+增大前瞻)\Prj\IAR\DZ10_Debug\Obj\MK60_i2c.o"
#        "D:\电子\飞思卡尔\FreeScale_4148\4148
#        TeamTemplate(可走直道+弯道+完美提取中线+舵机PD+宏定义(代码优化)+增大前瞻)\Prj\IAR\DZ10_Debug\Obj\MK60_it.o"
#        "D:\电子\飞思卡尔\FreeScale_4148\4148
#        TeamTemplate(可走直道+弯道+完美提取中线+舵机PD+宏定义(代码优化)+增大前瞻)\Prj\IAR\DZ10_Debug\Obj\MK60_lptmr.o"
#        "D:\电子\飞思卡尔\FreeScale_4148\4148
#        TeamTemplate(可走直道+弯道+完美提取中线+舵机PD+宏定义(代码优化)+增大前瞻)\Prj\IAR\DZ10_Debug\Obj\MK60_mcg.o"
#        "D:\电子\飞思卡尔\FreeScale_4148\4148
#        TeamTemplate(可走直道+弯道+完美提取中线+舵机PD+宏定义(代码优化)+增大前瞻)\Prj\IAR\DZ10_Debug\Obj\MK60_PIT.o"
#        "D:\电子\飞思卡尔\FreeScale_4148\4148
#        TeamTemplate(可走直道+弯道+完美提取中线+舵机PD+宏定义(代码优化)+增大前瞻)\Prj\IAR\DZ10_Debug\Obj\MK60_port.o"
#        "D:\电子\飞思卡尔\FreeScale_4148\4148
#        TeamTemplate(可走直道+弯道+完美提取中线+舵机PD+宏定义(代码优化)+增大前瞻)\Prj\IAR\DZ10_Debug\Obj\MK60_rtc.o"
#        "D:\电子\飞思卡尔\FreeScale_4148\4148
#        TeamTemplate(可走直道+弯道+完美提取中线+舵机PD+宏定义(代码优化)+增大前瞻)\Prj\IAR\DZ10_Debug\Obj\MK60_sdhc.o"
#        "D:\电子\飞思卡尔\FreeScale_4148\4148
#        TeamTemplate(可走直道+弯道+完美提取中线+舵机PD+宏定义(代码优化)+增大前瞻)\Prj\IAR\DZ10_Debug\Obj\MK60_spi.o"
#        "D:\电子\飞思卡尔\FreeScale_4148\4148
#        TeamTemplate(可走直道+弯道+完美提取中线+舵机PD+宏定义(代码优化)+增大前瞻)\Prj\IAR\DZ10_Debug\Obj\MK60_SysTick.o"
#        "D:\电子\飞思卡尔\FreeScale_4148\4148
#        TeamTemplate(可走直道+弯道+完美提取中线+舵机PD+宏定义(代码优化)+增大前瞻)\Prj\IAR\DZ10_Debug\Obj\MK60_uart.o"
#        "D:\电子\飞思卡尔\FreeScale_4148\4148
#        TeamTemplate(可走直道+弯道+完美提取中线+舵机PD+宏定义(代码优化)+增大前瞻)\Prj\IAR\DZ10_Debug\Obj\MK60_usb.o"
#        "D:\电子\飞思卡尔\FreeScale_4148\4148
#        TeamTemplate(可走直道+弯道+完美提取中线+舵机PD+宏定义(代码优化)+增大前瞻)\Prj\IAR\DZ10_Debug\Obj\MK60_wdog.o"
#        "D:\电子\飞思卡尔\FreeScale_4148\4148
#        TeamTemplate(可走直道+弯道+完美提取中线+舵机PD+宏定义(代码优化)+增大前瞻)\Prj\IAR\DZ10_Debug\Obj\motor.o"
#        "D:\电子\飞思卡尔\FreeScale_4148\4148
#        TeamTemplate(可走直道+弯道+完美提取中线+舵机PD+宏定义(代码优化)+增大前瞻)\Prj\IAR\DZ10_Debug\Obj\road.o"
#        "D:\电子\飞思卡尔\FreeScale_4148\4148
#        TeamTemplate(可走直道+弯道+完美提取中线+舵机PD+宏定义(代码优化)+增大前瞻)\Prj\IAR\DZ10_Debug\Obj\startup_MK60DZ10.o"
#        "D:\电子\飞思卡尔\FreeScale_4148\4148
#        TeamTemplate(可走直道+弯道+完美提取中线+舵机PD+宏定义(代码优化)+增大前瞻)\Prj\IAR\DZ10_Debug\Obj\system_MK60DZ10.o"
#        "D:\电子\飞思卡尔\FreeScale_4148\4148
#        TeamTemplate(可走直道+弯道+完美提取中线+舵机PD+宏定义(代码优化)+增大前瞻)\Prj\IAR\DZ10_Debug\Obj\USB.o"
#        "D:\电子\飞思卡尔\FreeScale_4148\4148
#        TeamTemplate(可走直道+弯道+完美提取中线+舵机PD+宏定义(代码优化)+增大前瞻)\Prj\IAR\DZ10_Debug\Obj\USB_CDC.o"
#        "D:\电子\飞思卡尔\FreeScale_4148\4148
#        TeamTemplate(可走直道+弯道+完美提取中线+舵机PD+宏定义(代码优化)+增大前瞻)\Prj\IAR\DZ10_Debug\Obj\VCAN_ASCII.o"
#        "D:\电子\飞思卡尔\FreeScale_4148\4148
#        TeamTemplate(可走直道+弯道+完美提取中线+舵机PD+宏定义(代码优化)+增大前瞻)\Prj\IAR\DZ10_Debug\Obj\VCAN_BMP.o"
#        "D:\电子\飞思卡尔\FreeScale_4148\4148
#        TeamTemplate(可走直道+弯道+完美提取中线+舵机PD+宏定义(代码优化)+增大前瞻)\Prj\IAR\DZ10_Debug\Obj\VCAN_camera.o"
#        "D:\电子\飞思卡尔\FreeScale_4148\4148
#        TeamTemplate(可走直道+弯道+完美提取中线+舵机PD+宏定义(代码优化)+增大前瞻)\Prj\IAR\DZ10_Debug\Obj\VCAN_computer.o"
#        "D:\电子\飞思卡尔\FreeScale_4148\4148
#        TeamTemplate(可走直道+弯道+完美提取中线+舵机PD+宏定义(代码优化)+增大前瞻)\Prj\IAR\DZ10_Debug\Obj\vcan_img2sd.o"
#        "D:\电子\飞思卡尔\FreeScale_4148\4148
#        TeamTemplate(可走直道+弯道+完美提取中线+舵机PD+宏定义(代码优化)+增大前瞻)\Prj\IAR\DZ10_Debug\Obj\VCAN_key.o"
#        "D:\电子\飞思卡尔\FreeScale_4148\4148
#        TeamTemplate(可走直道+弯道+完美提取中线+舵机PD+宏定义(代码优化)+增大前瞻)\Prj\IAR\DZ10_Debug\Obj\VCAN_key_event.o"
#        "D:\电子\飞思卡尔\FreeScale_4148\4148
#        TeamTemplate(可走直道+弯道+完美提取中线+舵机PD+宏定义(代码优化)+增大前瞻)\Prj\IAR\DZ10_Debug\Obj\VCAN_LCD.o"
#        "D:\电子\飞思卡尔\FreeScale_4148\4148
#        TeamTemplate(可走直道+弯道+完美提取中线+舵机PD+宏定义(代码优化)+增大前瞻)\Prj\IAR\DZ10_Debug\Obj\VCAN_LCD_CH.o"
#        "D:\电子\飞思卡尔\FreeScale_4148\4148
#        TeamTemplate(可走直道+弯道+完美提取中线+舵机PD+宏定义(代码优化)+增大前瞻)\Prj\IAR\DZ10_Debug\Obj\VCAN_LCD_ILI9325.o"
#        "D:\电子\飞思卡尔\FreeScale_4148\4148
#        TeamTemplate(可走直道+弯道+完美提取中线+舵机PD+宏定义(代码优化)+增大前瞻)\Prj\IAR\DZ10_Debug\Obj\VCAN_LCD_ILI9341.o"
#        "D:\电子\飞思卡尔\FreeScale_4148\4148
#        TeamTemplate(可走直道+弯道+完美提取中线+舵机PD+宏定义(代码优化)+增大前瞻)\Prj\IAR\DZ10_Debug\Obj\VCAN_LCD_ST7735R.o"
#        "D:\电子\飞思卡尔\FreeScale_4148\4148
#        TeamTemplate(可走直道+弯道+完美提取中线+舵机PD+宏定义(代码优化)+增大前瞻)\Prj\IAR\DZ10_Debug\Obj\VCAN_LCD_ST7735S.o"
#        "D:\电子\飞思卡尔\FreeScale_4148\4148
#        TeamTemplate(可走直道+弯道+完美提取中线+舵机PD+宏定义(代码优化)+增大前瞻)\Prj\IAR\DZ10_Debug\Obj\VCAN_LED.o"
#        "D:\电子\飞思卡尔\FreeScale_4148\4148
#        TeamTemplate(可走直道+弯道+完美提取中线+舵机PD+宏定义(代码优化)+增大前瞻)\Prj\IAR\DZ10_Debug\Obj\VCAN_MMA7455.o"
#        "D:\电子\飞思卡尔\FreeScale_4148\4148
#        TeamTemplate(可走直道+弯道+完美提取中线+舵机PD+宏定义(代码优化)+增大前瞻)\Prj\IAR\DZ10_Debug\Obj\VCAN_NRF24L0.o"
#        "D:\电子\飞思卡尔\FreeScale_4148\4148
#        TeamTemplate(可走直道+弯道+完美提取中线+舵机PD+宏定义(代码优化)+增大前瞻)\Prj\IAR\DZ10_Debug\Obj\VCAN_NRF24L0_MSG.o"
#        "D:\电子\飞思卡尔\FreeScale_4148\4148
#        TeamTemplate(可走直道+弯道+完美提取中线+舵机PD+宏定义(代码优化)+增大前瞻)\Prj\IAR\DZ10_Debug\Obj\VCAN_OV7725_Eagle.o"
#        "D:\电子\飞思卡尔\FreeScale_4148\4148
#        TeamTemplate(可走直道+弯道+完美提取中线+舵机PD+宏定义(代码优化)+增大前瞻)\Prj\IAR\DZ10_Debug\Obj\VCAN_OV7725_Wolf.o"
#        "D:\电子\飞思卡尔\FreeScale_4148\4148
#        TeamTemplate(可走直道+弯道+完美提取中线+舵机PD+宏定义(代码优化)+增大前瞻)\Prj\IAR\DZ10_Debug\Obj\VCAN_RTC_count.o"
#        "D:\电子\飞思卡尔\FreeScale_4148\4148
#        TeamTemplate(可走直道+弯道+完美提取中线+舵机PD+宏定义(代码优化)+增大前瞻)\Prj\IAR\DZ10_Debug\Obj\VCAN_SCCB.o"
#        "D:\电子\飞思卡尔\FreeScale_4148\4148
#        TeamTemplate(可走直道+弯道+完美提取中线+舵机PD+宏定义(代码优化)+增大前瞻)\Prj\IAR\DZ10_Debug\Obj\vcan_sd_app.o"
#        "D:\电子\飞思卡尔\FreeScale_4148\4148
#        TeamTemplate(可走直道+弯道+完美提取中线+舵机PD+宏定义(代码优化)+增大前瞻)\Prj\IAR\DZ10_Debug\Obj\Vcan_touch.o"
#        "D:\电子\飞思卡尔\FreeScale_4148\4148
#        TeamTemplate(可走直道+弯道+完美提取中线+舵机PD+宏定义(代码优化)+增大前瞻)\Prj\IAR\DZ10_Debug\Obj\VCAN_TSL1401.o"
#        "D:\电子\飞思卡尔\FreeScale_4148\4148
#        TeamTemplate(可走直道+弯道+完美提取中线+舵机PD+宏定义(代码优化)+增大前瞻)\Prj\IAR\DZ10_Debug\Obj\VCAN_UI_VAR.o"
#        "D:\电子\飞思卡尔\FreeScale_4148\4148
#        TeamTemplate(可走直道+弯道+完美提取中线+舵机PD+宏定义(代码优化)+增大前瞻)\Prj\IAR\DZ10_Debug\Obj\vectors.o"
#        --redirect _Printf=_PrintfLargeNoMb --redirect _Scanf=_ScanfLargeNoMb
#        -o "D:\电子\飞思卡尔\FreeScale_4148\4148
#        TeamTemplate(可走直道+弯道+完美提取中线+舵机PD+宏定义(代码优化)+增大前瞻)\Prj\IAR\DZ10_Debug\Exe\vcan_Kinetis.out"
#        --map "D:\电子\飞思卡尔\FreeScale_4148\4148
#        TeamTemplate(可走直道+弯道+完美提取中线+舵机PD+宏定义(代码优化)+增大前瞻)\Prj\IAR\DZ10_Debug\List\vcan_Kinetis.map"
#        --config "D:\电子\飞思卡尔\FreeScale_4148\4148
#        TeamTemplate(可走直道+弯道+完美提取中线+舵机PD+宏定义(代码优化)+增大前瞻)\Prj\IAR\config
#        files\vcan_ROM_K60N512.icf"
#        "D:\电子\飞思卡尔\FreeScale_4148\4148
#        TeamTemplate(可走直道+弯道+完美提取中线+舵机PD+宏定义(代码优化)+增大前瞻)\Prj\IAR\..\..\Lib\CMSIS\iar_cortexM4l_math.a"
#        --entry __iar_program_start --vfe --text_out locale)
#
###############################################################################

*******************************************************************************
*** RUNTIME MODEL ATTRIBUTES
***

CppFlavor       = *
__SystemLibrary = DLib
__dlib_version  = 6


*******************************************************************************
*** HEAP SELECTION
***

The basic heap was selected because no calls to memory allocation
functions were found in the application outside of system library
functions, and there are calls to deallocation functions in the
application.


*******************************************************************************
*** PLACEMENT SUMMARY
***

"A0":  place at 0x00000000 { ro section .intvec };
"A1":  place at 0x00000410 { ro section .noinit };
define block CodeRelocate { section .textrw_init };
"P1":  place in [from 0x00000000 to 0x00080000] { ro, block CodeRelocate };
define block CodeRelocateRam { section .textrw };
define block CSTACK with size = 4K, alignment = 8 { };
define block HEAP with size = 2K, alignment = 8 { };
"P2":  place in [from 0x1fff0410 to 0x20010000] {
          rw, block CodeRelocateRam, block CSTACK, block HEAP };
initialize manually with packing = copy, complex ranges { section .data };
initialize manually with packing = copy, complex ranges { section .textrw };

  Section              Kind        Address    Size  Object
  -------              ----        -------    ----  ------
"A0":                                        0x410
  .intvec              const    0x00000000   0x410  vectors.o [1]
                              - 0x00000410   0x410

"A1":                                          0x8
  .noinit              ro code  0x00000410     0x8  startup_MK60DZ10.o [1]
                              - 0x00000418     0x8

"P1":                                       0x47cc
  .text                ro code  0x00000418   0xc56  xprintflarge_nomb.o [3]
  .rodata              const    0x0000106e     0x2  VCAN_camera.o [1]
  .text                ro code  0x00001070    0x16  strchr.o [5]
  .text                ro code  0x00001088    0x44  xfail_s.o [3]
  .text                ro code  0x000010cc    0x36  strlen.o [5]
  .text                ro code  0x00001104    0x58  memchr.o [5]
  .text                ro code  0x0000115c    0xee  I64DivMod.o [5]
  .text                ro code  0x0000124c   0x1a2  DblMul.o [4]
  .text                ro code  0x000013f0    0xa6  ABImemcpy.o [5]
  .text                ro code  0x00001498    0x70  frexp.o [4]
  .text                ro code  0x00001508    0x2e  DblCmpLe.o [4]
  .text                ro code  0x00001538   0x246  DblDiv.o [4]
  .text                ro code  0x00001780    0x28  DblToU32.o [4]
  .text                ro code  0x000017a8    0x1a  U32ToDbl.o [4]
  .text                ro code  0x000017c4    0xe2  DblSub.o [4]
  .text                ro code  0x000018a8     0x8  xlocale_c.o [3]
  .text                ro code  0x000018b0     0x6  abort.o [3]
  .text                ro code  0x000018b8     0x2  I64DivZer.o [5]
  .text                ro code  0x000018bc   0x168  DblAdd.o [4]
  .text                ro code  0x00001a24     0xc  XXexit.o [5]
  .data_init                    0x00001a30   0x890  <Block>
    Initializer bytes  const    0x00001a30   0x890  <for .data-1>
  .text                ro code  0x000022c0   0x520  MK60_ftm.o [1]
  .text                ro code  0x000027e0    0xbc  MK60_port.o [1]
  Veneer               ro code  0x0000289c     0x8  - Linker created -
  Veneer               ro code  0x000028a4     0x8  - Linker created -
  .text                ro code  0x000028ac   0x144  MK60_conf.o [1]
  .text                ro code  0x000029f0    0x70  VCAN_LED.o [1]
  .text                ro code  0x00002a60    0x28  printf.o [3]
  .text                ro code  0x00002a88    0x64  MK60_SysTick.o [1]
  .text                ro code  0x00002aec   0x23c  MK60_uart.o [1]
  .text                ro code  0x00002d28    0x9c  VCAN_key.o [1]
  .text                ro code  0x00002dc4   0x144  MK60_gpio.o [1]
  Veneer               ro code  0x00002f08     0x8  - Linker created -
  .text                ro code  0x00002f10   0x3e4  MK60_mcg.o [1]
  .text                ro code  0x000032f4   0x362  VCAN_SCCB.o [1]
  .text                ro code  0x00003658   0x2a0  road.o [1]
  .text                ro code  0x000038f8   0x240  MK60_dma.o [1]
  .text                ro code  0x00003b38   0x234  VCAN_OV7725_Eagle.o [1]
  CodeRelocate                  0x00003d6c   0x1c4  <Block>
    Initializer bytes  const    0x00003d6c   0x1c4  <for CodeRelocateRam-1>
  .text                ro code  0x00003f30   0x12c  EIT_PID.o [1]
  .text                ro code  0x0000405c    0x24  S32ToFlt.o [4]
  .text                ro code  0x00004080    0x24  FltCmpLe.o [4]
  .text                ro code  0x000040a4    0xd8  FltMul.o [4]
  .text                ro code  0x0000417c    0x2a  FltToS32.o [4]
  .text                ro code  0x000041a8    0xe2  FltAdd.o [4]
  .text                ro code  0x0000428c    0x74  FltSub.o [4]
  .text                ro code  0x00004300   0x120  system_MK60DZ10.o [1]
  .text                ro code  0x00004420    0x40  MK60_wdog.o [1]
  .text                ro code  0x00004460    0x5c  main.o [1]
  .text                ro code  0x000044bc    0x50  misc.o [1]
  .text                ro code  0x0000450c    0xf0  control.o [1]
  .text                ro code  0x000045fc    0x98  VCAN_camera.o [1]
  .rodata              const    0x00004694    0x70  MK60_flash.o [1]
  .rodata              const    0x00004704    0x70  MK60_gpio.o [1]
  .rodata              const    0x00004774    0x70  MK60_SysTick.o [1]
  .rodata              const    0x000047e4    0x70  MK60_uart.o [1]
  .rodata              const    0x00004854    0x6c  MK60_dma.o [1]
  .rodata              const    0x000048c0    0x6c  MK60_ftm.o [1]
  .rodata              const    0x0000492c    0x68  misc.o [1]
  .text                ro code  0x00004994    0x40  zero_init3.o [5]
  .rodata              const    0x000049d4    0x3c  MK60_conf.o [1]
  .text                ro code  0x00004a10    0x34  handler.o [1]
  .text                ro code  0x00004a44    0x28  data_init.o [5]
  .rodata              const    0x00004a6c    0x24  MK60_conf.o [1]
  .rodata              const    0x00004a90    0x24  VCAN_OV7725_Eagle.o [1]
  .rodata              const    0x00004ab4    0x24  VCAN_OV7725_Eagle.o [1]
  .iar.init_table      const    0x00004ad8    0x10  - Linker created -
  .rodata              const    0x00004ae8    0x20  MK60_conf.o [1]
  .rodata              const    0x00004b08    0x20  VCAN_OV7725_Eagle.o [1]
  .text                ro code  0x00004b28    0x1a  cmain.o [5]
  .text                ro code  0x00004b42     0x4  low_level_init.o [3]
  .text                ro code  0x00004b46     0x4  exit.o [3]
  .text                ro code  0x00004b4c     0xa  cexit.o [5]
  .rodata              const    0x00004b58    0x18  VCAN_OV7725_Eagle.o [1]
  .rodata              const    0x00004b70    0x18  VCAN_OV7725_Eagle.o [1]
  .text                ro code  0x00004b88    0x16  xprout.o [3]
  .text                ro code  0x00004ba0     0xc  putchar.o [3]
  .rodata              const    0x00004bac    0x14  MK60_conf.o [1]
  .rodata              const    0x00004bc0    0x14  VCAN_OV7725_Eagle.o [1]
  .text                ro code  0x00004bd4     0xc  cstartup_M.o [5]
  .rodata              const    0x00004be0     0x4  xlocale_c.o [3]
  .rodata              const    0x00004be4     0x0  zero_init3.o [5]
                              - 0x00004be4  0x47cc

"P2", part 1 of 2:                           0xa54
  .data                         0x1fff0410   0x890  <Block>
    .data-1                     0x1fff0410   0x88e  <Init block>
      .data            inited   0x1fff0410   0x708  MK60_conf.o [1]
      .data            inited   0x1fff0b18     0xc  MK60_ftm.o [1]
      .data            inited   0x1fff0b24    0x14  MK60_gpio.o [1]
      .data            inited   0x1fff0b38    0x44  MK60_mcg.o [1]
      .data            inited   0x1fff0b7c     0x4  MK60_mcg.o [1]
      .data            inited   0x1fff0b80    0x14  MK60_port.o [1]
      .data            inited   0x1fff0b94    0x18  MK60_uart.o [1]
      .data            inited   0x1fff0bac     0x8  VCAN_key.o [1]
      .data            inited   0x1fff0bb4     0x4  VCAN_LED.o [1]
      .data            inited   0x1fff0bb8    0x64  VCAN_OV7725_Eagle.o [1]
      .data            inited   0x1fff0c1c    0x38  xlocale_c.o [3]
      .data            inited   0x1fff0c54    0x48  xfiles.o [3]
      .data            inited   0x1fff0c9c     0x1  VCAN_OV7725_Eagle.o [1]
      .data            inited   0x1fff0c9d     0x1  VCAN_OV7725_Eagle.o [1]
  CodeRelocateRam               0x1fff0ca0   0x1c4  <Block>
    CodeRelocateRam-1           0x1fff0ca0   0x1c4  <Init block>
      Veneer           inited   0x1fff0ca0     0x8  - Linker created -
      Veneer           inited   0x1fff0ca8     0x8  - Linker created -
      .textrw          inited   0x1fff0cb0   0x168  MK60_flash.o [1]
      .textrw          inited   0x1fff0e18    0x4c  MK60_mcg.o [1]
                              - 0x1fff0e64   0xa54

"P2", part 2 of 2:                          0x1708
  .bss                          0x1fff0e64  0x1708  <Block>
    .bss               zero     0x1fff0e64    0x54  control.o [1]
    .bss               zero     0x1fff0eb8   0x258  main.o [1]
    .bss               zero     0x1fff1110  0x12c0  main.o [1]
    .bss               zero     0x1fff23d0     0xc  MK60_ftm.o [1]
    .bss               zero     0x1fff23dc    0x3c  road.o [1]
    .bss               zero     0x1fff2418    0x3c  road.o [1]
    .bss               zero     0x1fff2454    0x3c  road.o [1]
    .bss               zero     0x1fff2490    0x3c  road.o [1]
    .bss               zero     0x1fff24cc    0x3c  road.o [1]
    .bss               zero     0x1fff2508     0x4  system_MK60DZ10.o [1]
    .bss               zero     0x1fff250c     0x4  system_MK60DZ10.o [1]
    .bss               zero     0x1fff2510     0x4  system_MK60DZ10.o [1]
    .bss               zero     0x1fff2514     0x4  VCAN_OV7725_Eagle.o [1]
    .bss               zero     0x1fff2518     0x4  xfail_s.o [3]
    .bss               zero     0x1fff251c    0x50  xfiles.o [3]
                              - 0x1fff256c  0x1708


*******************************************************************************
*** INIT TABLE
***

          Address     Size
          -------     ----
Zero (__iar_zero_init3)
    1 destination range, total size 0x1708:
          0x1fff0e64  0x1708



*******************************************************************************
*** MODULE SUMMARY
***

    Module               ro code  rw code  ro data  rw data
    ------               -------  -------  -------  -------
D:\电子\飞思卡尔\FreeScale_4148\4148 TeamTemplate(可走直道+弯道+完美提取中线+舵机PD+宏定义(代码优化)+增大前瞻)\Prj\IAR\DZ10_Debug\Obj: [1]
    EIT_PID.o                300
    MK60_SysTick.o           100               112
    MK60_conf.o              324             1 948    1 800
    MK60_dma.o               576               108
    MK60_flash.o                      360      472
    MK60_ftm.o             1 312               120       24
    MK60_gpio.o              324               132       20
    MK60_mcg.o               996       76      148       72
    MK60_port.o              188                20       20
    MK60_uart.o              572               136       24
    MK60_wdog.o               64
    VCAN_LED.o               112                 4        4
    VCAN_OV7725_Eagle.o      564               274      106
    VCAN_SCCB.o              866
    VCAN_camera.o            152                 2
    VCAN_key.o               156                 8        8
    control.o                240                         84
    handler.o                 52
    main.o                    92                      5 400
    misc.o                    80               104
    road.o                   672                        300
    startup_MK60DZ10.o         8
    system_MK60DZ10.o        288                         12
    vectors.o                                1 040
    -------------------------------------------------------
    Total:                 8 038      436    4 628    7 874

command line: [2]
    -------------------------------------------------------
    Total:

dl7M_tlf.a: [3]
    abort.o                    6
    exit.o                     4
    low_level_init.o           4
    printf.o                  40
    putchar.o                 12
    xfail_s.o                 68                          4
    xfiles.o                                    72      152
    xlocale_c.o                8                60       56
    xprintflarge_nomb.o    3 158
    xprout.o                  22
    -------------------------------------------------------
    Total:                 3 322               132      212

m7M_tl.a: [4]
    DblAdd.o                 360
    DblCmpLe.o                46
    DblDiv.o                 582
    DblMul.o                 418
    DblSub.o                 226
    DblToU32.o                40
    FltAdd.o                 226
    FltCmpLe.o                36
    FltMul.o                 216
    FltSub.o                 116
    FltToS32.o                42
    S32ToFlt.o                36
    U32ToDbl.o                26
    frexp.o                  112
    -------------------------------------------------------
    Total:                 2 482

rt7M_tl.a: [5]
    ABImemcpy.o              166
    I64DivMod.o              238
    I64DivZer.o                2
    XXexit.o                  12
    cexit.o                   10
    cmain.o                   26
    cstartup_M.o              12
    data_init.o               40
    memchr.o                  88
    strchr.o                  22
    strlen.o                  54
    zero_init3.o              64
    -------------------------------------------------------
    Total:                   734

    Gaps                      32                 2
    Linker created            24       16       34
-----------------------------------------------------------
    Grand Total:          14 632      452    4 796    8 086


*******************************************************************************
*** ENTRY LIST
***

Entry                      Address    Size  Type      Object
-----                      -------    ----  ----      ------
.bss$$Base              0x1fff0e64           --   Gb  - Linker created -
.bss$$Limit             0x1fff256c           --   Gb  - Linker created -
.data$$Base             0x1fff0410           --   Gb  - Linker created -
.data$$Limit            0x1fff0ca0           --   Gb  - Linker created -
.data_init$$Base        0x00001a30           --   Gb  - Linker created -
.data_init$$Limit       0x000022c0           --   Gb  - Linker created -
.iar.init_table$$Base   0x00004ad8           --   Gb  - Linker created -
.iar.init_table$$Limit  0x00004ae8           --   Gb  - Linker created -
?main                   0x00004b29          Code  Gb  cmain.o [5]
ASSERT_FAILED_STR       0x00004a6c    0x24  Data  Gb  MK60_conf.o [1]
BlackLeft               0x1fff23dc    0x3c  Data  Gb  road.o [1]
BlackRight              0x1fff2418    0x3c  Data  Gb  road.o [1]
CodeRelocate$$Base      0x00003d6c           --   Gb  - Linker created -
CodeRelocate$$Limit     0x00003f30           --   Gb  - Linker created -
CodeRelocateRam$$Base   0x1fff0ca0           --   Gb  - Linker created -
CodeRelocateRam$$Limit  0x1fff0e64           --   Gb  - Linker created -
DMA0_IRQHandler         0x00004a37     0x8  Code  Gb  handler.o [1]
FTMN                    0x1fff0b18     0xc  Data  Gb  MK60_ftm.o [1]
FTM_port_mux            0x000022c1   0x118  Code  Lc  MK60_ftm.o [1]
GPIOX                   0x1fff0b24    0x14  Data  Gb  MK60_gpio.o [1]
GetCenter               0x0000367f   0x262  Code  Gb  road.o [1]
GetError                0x0000457f    0x48  Code  Gb  control.o [1]
KEY_PTxn                0x1fff0bac     0x8  Data  Gb  VCAN_key.o [1]
LED_PTxn                0x1fff0bb4     0x4  Data  Gb  VCAN_LED.o [1]
LGetFlag                0x1fff2490    0x3c  Data  Gb  road.o [1]
LoadInt                 0x000005af    0x7a  Code  Lc  xprintflarge_nomb.o [3]
Middle                  0x1fff2454    0x3c  Data  Gb  road.o [1]
MotorInit               0x000045eb    0x12  Code  Gb  control.o [1]
NVIC_DisableIRQ         0x00003b4f    0x16  Code  Lc  VCAN_OV7725_Eagle.o [1]
NVIC_EnableIRQ          0x00003b39    0x16  Code  Lc  VCAN_OV7725_Eagle.o [1]
NVIC_SystemReset        0x000028ad    0x1a  Code  Lc  MK60_conf.o [1]
PID_InitFbVal           0x00003f61     0xc  Code  Gb  EIT_PID.o [1]
PID_MaxMin              0x00003f6d    0x1c  Code  Lc  EIT_PID.o [1]
PID_MaxMinFloat         0x00003f89    0x3a  Code  Lc  EIT_PID.o [1]
PID_Run_PID             0x00003fc3    0x9a  Code  Gb  EIT_PID.o [1]
PID_SetFbVal            0x00003f31    0x30  Code  Gb  EIT_PID.o [1]
PORTA_IRQHandler        0x00004a11    0x26  Code  Gb  handler.o [1]
PORTX                   0x1fff0b80    0x14  Data  Gb  MK60_port.o [1]
RGetFlag                0x1fff24cc    0x3c  Data  Gb  road.o [1]
Region$$Table$$Base     0x00004ad8           --   Gb  - Linker created -
Region$$Table$$Limit    0x00004ae8           --   Gb  - Linker created -
Reset_Handler           0x00000411          Code  Gb  startup_MK60DZ10.o [1]
RoadInit                0x00003659    0x26  Code  Gb  road.o [1]
SCCB_Ack                0x000033c9    0x3c  Code  Lc  VCAN_SCCB.o [1]
SCCB_GPIO_init          0x0000330f    0x28  Code  Gb  VCAN_SCCB.o [1]
SCCB_NoAck              0x00003405    0x3c  Code  Lc  VCAN_SCCB.o [1]
SCCB_ReadByte           0x000035a5    0x2c  Code  Gb  VCAN_SCCB.o [1]
SCCB_ReadByte_one       0x000035d1    0x86  Code  Lc  VCAN_SCCB.o [1]
SCCB_ReceiveByte        0x000034d1    0x54  Code  Lc  VCAN_SCCB.o [1]
SCCB_SendByte           0x0000348d    0x44  Code  Lc  VCAN_SCCB.o [1]
SCCB_Start              0x00003337    0x5e  Code  Lc  VCAN_SCCB.o [1]
SCCB_Stop               0x00003395    0x34  Code  Lc  VCAN_SCCB.o [1]
SCCB_WaitAck            0x00003441    0x4c  Code  Lc  VCAN_SCCB.o [1]
SCCB_WriteByte          0x00003535    0x28  Code  Gb  VCAN_SCCB.o [1]
SCCB_WriteByte_one      0x0000355d    0x48  Code  Lc  VCAN_SCCB.o [1]
SCCB_delay              0x000032f5    0x1a  Code  Lc  VCAN_SCCB.o [1]
SteerInit               0x000045d5    0x16  Code  Gb  control.o [1]
SteerPID                0x1fff0e64    0x54  Data  Gb  control.o [1]
SteerPID_Init           0x0000450d    0x50  Code  Gb  control.o [1]
Turn                    0x0000455d    0x22  Code  Gb  control.o [1]
UARTN                   0x1fff0b94    0x18  Data  Gb  MK60_uart.o [1]
_GenldLargeNoMb         0x00000d75   0x266  Code  Lc  xprintflarge_nomb.o [3]
_LdtobLargeNoMb         0x00000aef   0x260  Code  Lc  xprintflarge_nomb.o [3]
_LitobLargeNoMb         0x00000993   0x116  Code  Lc  xprintflarge_nomb.o [3]
_Locale_lconv           0x1fff0c1c    0x38  Data  Lc  xlocale_c.o [3]
_PrintfLargeNoMb        0x00000419   0x190  Code  Gb  xprintflarge_nomb.o [3]
_Prout                  0x00004b89    0x16  Code  Gb  xprout.o [3]
_PutcharsLargeNoMb      0x00000fdb    0x2e  Code  Lc  xprintflarge_nomb.o [3]
_PutfldLargeNoMb        0x00000629   0x25c  Code  Lc  xprintflarge_nomb.o [3]
_PuttxtLargeNoMb        0x00000885   0x10e  Code  Lc  xprintflarge_nomb.o [3]
__BOOT_STACK_ADDRESS {Abs}
                        0x2000fff8          Data  Gb  command line/config [2]
__VECTOR_RAM {Abs}      0x1fff0000          Data  Gb  command line/config [2]
__VECTOR_TABLE {Abs}    0x00000000          Data  Gb  command line/config [2]
__aeabi_cdcmple         0x00001509          Code  Gb  DblCmpLe.o [4]
__aeabi_cfcmple         0x00004081          Code  Gb  FltCmpLe.o [4]
__aeabi_d2uiz           0x00001781          Code  Gb  DblToU32.o [4]
__aeabi_ddiv            0x00001539          Code  Gb  DblDiv.o [4]
__aeabi_dmul            0x0000124d          Code  Gb  DblMul.o [4]
__aeabi_dsub            0x000017c5          Code  Gb  DblSub.o [4]
__aeabi_f2iz            0x0000417d          Code  Gb  FltToS32.o [4]
__aeabi_fadd            0x000041a9          Code  Gb  FltAdd.o [4]
__aeabi_fmul            0x000040a5          Code  Gb  FltMul.o [4]
__aeabi_i2f             0x0000405d          Code  Gb  S32ToFlt.o [4]
__aeabi_ldiv0           0x000018b9          Code  Gb  I64DivZer.o [5]
__aeabi_memcpy          0x000013f1          Code  Gb  ABImemcpy.o [5]
__aeabi_memcpy4         0x00001411          Code  Gb  ABImemcpy.o [5]
__aeabi_memcpy8         0x00001411          Code  Gb  ABImemcpy.o [5]
__aeabi_ui2d            0x000017a9          Code  Gb  U32ToDbl.o [4]
__aeabi_uldivmod        0x0000115d          Code  Gb  I64DivMod.o [5]
__cmain                 0x00004b29          Code  Gb  cmain.o [5]
__code_start__ {Abs}    0x00000410          Data  Gb  command line/config [2]
__exit                  0x00001a25          Code  Gb  XXexit.o [5]
__iar_Fail_s            0x00001089    0x1e  Code  Gb  xfail_s.o [3]
__iar_Memchr            0x00001105          Code  Gb  memchr.o [5]
__iar_Stdout            0x1fff0c54    0x48  Data  Gb  xfiles.o [3]
__iar_Strchr            0x00001071          Code  Gb  strchr.o [5]
__iar_dadd              0x000017d5          Code  Gb  DblSub.o [4]
__iar_data_init3        0x00004a45    0x28  Code  Gb  data_init.o [5]
__iar_dsub              0x000018bd          Code  Gb  DblAdd.o [4]
__iar_dsubStart         0x000018cf          Code  Gb  DblAdd.o [4]
__iar_fadd              0x0000428d          Code  Gb  FltSub.o [4]
__iar_frexp             0x000014a5          Code  Gb  frexp.o [4]
__iar_frexp64           0x00001499          Code  Gb  frexp.o [4]
__iar_frexpl            0x000014a5          Code  Gb  frexp.o [4]
__iar_fsub              0x000041b5          Code  Gb  FltAdd.o [4]
__iar_fsubStart         0x000041c5          Code  Gb  FltAdd.o [4]
__iar_program_start     0x00004bd5          Code  Gb  cstartup_M.o [5]
__iar_systems$$module {Abs}
                        0x00000001          Data  Gb  command line/config [2]
__iar_zero_init3        0x00004995    0x40  Code  Gb  zero_init3.o [5]
__low_level_init        0x00004b43     0x4  Code  Gb  low_level_init.o [3]
__vector_table          0x00000000   0x410  Data  Gb  vectors.o [1]
_call_main              0x00004b35          Code  Gb  cmain.o [5]
_exit                   0x00004b4d          Code  Gb  cexit.o [5]
_main                   0x00004b3f          Code  Gb  cmain.o [5]
abort                   0x000018b1     0x6  Code  Gb  abort.o [3]
assert_failed           0x000028c7    0x26  Code  Gb  MK60_conf.o [1]
bus_clk_khz             0x1fff2510     0x4  Data  Gb  system_MK60DZ10.o [1]
common_startup          0x0000435f    0x8a  Code  Gb  system_MK60DZ10.o [1]
core_clk_khz            0x1fff2508     0x4  Data  Gb  system_MK60DZ10.o [1]
core_clk_mhz            0x1fff250c     0x4  Data  Gb  system_MK60DZ10.o [1]
default_isr             0x0000299b    0x34  Code  Gb  MK60_conf.o [1]
dma_gpio_input_init     0x000038f9    0x5c  Code  Lc  MK60_dma.o [1]
dma_portx2buff_init     0x00003955   0x1b0  Code  Gb  MK60_dma.o [1]
exit                    0x00004b47     0x4  Code  Gb  exit.o [3]
flash_cmd               0x1fff0cb1    0x20  Code  Gb  MK60_flash.o [1]
flash_erase_sector      0x1fff0d01    0x58  Code  Gb  MK60_flash.o [1]
flash_init              0x1fff0cd1    0x30  Code  Gb  MK60_flash.o [1]
flash_write             0x1fff0d59    0x90  Code  Gb  MK60_flash.o [1]
fputc                   0x000028ed    0x14  Code  Gb  MK60_conf.o [1]
frexp                   0x00001499          Code  Gb  frexp.o [4]
frexpl                  0x00001499          Code  Gb  frexp.o [4]
ftm_input_init          0x0000263b   0x18c  Code  Gb  MK60_ftm.o [1]
ftm_mod                 0x1fff23d0     0xc  Data  Lc  MK60_ftm.o [1]
ftm_pwm_duty            0x00002555    0xe6  Code  Gb  MK60_ftm.o [1]
ftm_pwm_init            0x000023d9   0x17c  Code  Gb  MK60_ftm.o [1]
gpio_get                0x00002ebf    0x3e  Code  Gb  MK60_gpio.o [1]
gpio_init               0x00002dc5    0xbe  Code  Gb  MK60_gpio.o [1]
gpio_turn               0x00002e83    0x3c  Code  Gb  MK60_gpio.o [1]
img                     0x1fff1110  0x12c0  Data  Gb  main.o [1]
img_extract             0x000045fd    0x98  Code  Gb  VCAN_camera.o [1]
imgbuff                 0x1fff0eb8   0x258  Data  Gb  main.o [1]
key_check               0x00002d95    0x2a  Code  Gb  VCAN_key.o [1]
key_get                 0x00002d7b    0x1a  Code  Gb  VCAN_key.o [1]
key_init                0x00002d29    0x52  Code  Gb  VCAN_key.o [1]
led_init                0x000029f1    0x3a  Code  Gb  VCAN_LED.o [1]
led_turn                0x00002a2b    0x32  Code  Gb  VCAN_LED.o [1]
localeconv              0x000018a9     0x4  Code  Gb  xlocale_c.o [3]
main                    0x00004461    0x4a  Code  Gb  main.o [1]
mcg_cfg                 0x1fff0b38    0x44  Data  Gb  MK60_mcg.o [1]
mcg_div                 0x1fff0b7c     0x4  Data  Gb  MK60_mcg.o [1]
mcg_div_count           0x00002f11   0x316  Code  Gb  MK60_mcg.o [1]
memchr                  0x00001105          Code  Gb  memchr.o [5]
obuf                    0x1fff251c    0x50  Data  Lc  xfiles.o [3]
ov7725_eagle_cfgnum     0x1fff0c9d     0x1  Data  Gb  VCAN_OV7725_Eagle.o [1]
ov7725_eagle_dma        0x00003c1d    0x14  Code  Gb  VCAN_OV7725_Eagle.o [1]
ov7725_eagle_get_img    0x00003c31    0x42  Code  Gb  VCAN_OV7725_Eagle.o [1]
ov7725_eagle_img_buff   0x1fff2514     0x4  Data  Gb  VCAN_OV7725_Eagle.o [1]
ov7725_eagle_img_flag   0x1fff0c9c     0x1  Data  Gb  VCAN_OV7725_Eagle.o [1]
ov7725_eagle_init       0x00003b65    0x18  Code  Gb  VCAN_OV7725_Eagle.o [1]
ov7725_eagle_port_init  0x00003b7d    0x54  Code  Lc  VCAN_OV7725_Eagle.o [1]
ov7725_eagle_reg        0x1fff0bb8    0x64  Data  Gb  VCAN_OV7725_Eagle.o [1]
ov7725_eagle_reg_init   0x00003c73    0xae  Code  Lc  VCAN_OV7725_Eagle.o [1]
ov7725_eagle_vsync      0x00003bd1    0x4c  Code  Gb  VCAN_OV7725_Eagle.o [1]
pll_init                0x00003227    0xb2  Code  Gb  MK60_mcg.o [1]
port_init               0x000027e1    0x4a  Code  Gb  MK60_port.o [1]
port_init_NoALT         0x0000282b    0x6a  Code  Gb  MK60_port.o [1]
printf                  0x00002a61    0x28  Code  Gb  printf.o [3]
putchar                 0x00004ba1     0xc  Code  Gb  putchar.o [3]
scale                   0x00000aa9    0x46  Code  Lc  xprintflarge_nomb.o [3]
sec_hand                0x1fff2518     0x4  Data  Lc  xfail_s.o [3]
set_sys_dividers        0x1fff0e19    0x4c  Code  Gb  MK60_mcg.o [1]
set_vector_handler      0x000044df    0x22  Code  Gb  misc.o [1]
start                   0x00004301    0x22  Code  Gb  system_MK60DZ10.o [1]
start_check             0x00002901    0x9a  Code  Gb  MK60_conf.o [1]
strchr                  0x00001071          Code  Gb  strchr.o [5]
strlen                  0x000010cd          Code  Gb  strlen.o [5]
sysinit                 0x00004323    0x3c  Code  Gb  system_MK60DZ10.o [1]
systick_delay           0x00002a89    0x36  Code  Gb  MK60_SysTick.o [1]
systick_delay_ms        0x00002abf    0x18  Code  Gb  MK60_SysTick.o [1]
uart_init               0x00002aed   0x208  Code  Gb  MK60_uart.o [1]
uart_putchar            0x00002cf5    0x1a  Code  Gb  MK60_uart.o [1]
vector_str              0x1fff0410   0x708  Data  Gb  MK60_conf.o [1]
wdog_disable            0x00004421    0x16  Code  Gb  MK60_wdog.o [1]
wdog_unlock             0x00004437    0x20  Code  Lc  MK60_wdog.o [1]
write_vtor              0x000044bd    0x22  Code  Gb  misc.o [1]


[1] = D:\电子\飞思卡尔\FreeScale_4148\4148 TeamTemplate(可走直道+弯道+完美提取中线+舵机PD+宏定义(代码优化)+增大前瞻)\Prj\IAR\DZ10_Debug\Obj
[2] = command line
[3] = dl7M_tlf.a
[4] = m7M_tl.a
[5] = rt7M_tl.a

  14 632 bytes of readonly  code memory
     452 bytes of readwrite code memory
   4 796 bytes of readonly  data memory
   8 086 bytes of readwrite data memory

Errors: none
Warnings: none
